Archive member included to satisfy reference by file (symbol)

C:/ST/STM32CubeIDE_1.19.0/STM32CubeIDE/plugins/com.st.stm32cube.ide.mcu.externaltools.gnu-tools-for-stm32.13.3.rel1.win32_1.0.100.202509120712/tools/bin/../lib/gcc/arm-none-eabi/13.3.1/../../../../arm-none-eabi/lib/thumb/v6-m/nofp\libc_nano.a(libc_a-exit.o)
                              C:/ST/STM32CubeIDE_1.19.0/STM32CubeIDE/plugins/com.st.stm32cube.ide.mcu.externaltools.gnu-tools-for-stm32.13.3.rel1.win32_1.0.100.202509120712/tools/bin/../lib/gcc/arm-none-eabi/13.3.1/../../../../arm-none-eabi/lib/thumb/v6-m/nofp/crt0.o (exit)
C:/ST/STM32CubeIDE_1.19.0/STM32CubeIDE/plugins/com.st.stm32cube.ide.mcu.externaltools.gnu-tools-for-stm32.13.3.rel1.win32_1.0.100.202509120712/tools/bin/../lib/gcc/arm-none-eabi/13.3.1/../../../../arm-none-eabi/lib/thumb/v6-m/nofp\libc_nano.a(libc_a-findfp.o)
                              C:/ST/STM32CubeIDE_1.19.0/STM32CubeIDE/plugins/com.st.stm32cube.ide.mcu.externaltools.gnu-tools-for-stm32.13.3.rel1.win32_1.0.100.202509120712/tools/bin/../lib/gcc/arm-none-eabi/13.3.1/../../../../arm-none-eabi/lib/thumb/v6-m/nofp\libc_nano.a(libc_a-exit.o) (__stdio_exit_handler)
C:/ST/STM32CubeIDE_1.19.0/STM32CubeIDE/plugins/com.st.stm32cube.ide.mcu.externaltools.gnu-tools-for-stm32.13.3.rel1.win32_1.0.100.202509120712/tools/bin/../lib/gcc/arm-none-eabi/13.3.1/../../../../arm-none-eabi/lib/thumb/v6-m/nofp\libc_nano.a(libc_a-fwalk.o)
                              C:/ST/STM32CubeIDE_1.19.0/STM32CubeIDE/plugins/com.st.stm32cube.ide.mcu.externaltools.gnu-tools-for-stm32.13.3.rel1.win32_1.0.100.202509120712/tools/bin/../lib/gcc/arm-none-eabi/13.3.1/../../../../arm-none-eabi/lib/thumb/v6-m/nofp\libc_nano.a(libc_a-findfp.o) (_fwalk_sglue)
C:/ST/STM32CubeIDE_1.19.0/STM32CubeIDE/plugins/com.st.stm32cube.ide.mcu.externaltools.gnu-tools-for-stm32.13.3.rel1.win32_1.0.100.202509120712/tools/bin/../lib/gcc/arm-none-eabi/13.3.1/../../../../arm-none-eabi/lib/thumb/v6-m/nofp\libc_nano.a(libc_a-stdio.o)
                              C:/ST/STM32CubeIDE_1.19.0/STM32CubeIDE/plugins/com.st.stm32cube.ide.mcu.externaltools.gnu-tools-for-stm32.13.3.rel1.win32_1.0.100.202509120712/tools/bin/../lib/gcc/arm-none-eabi/13.3.1/../../../../arm-none-eabi/lib/thumb/v6-m/nofp\libc_nano.a(libc_a-findfp.o) (__sread)
C:/ST/STM32CubeIDE_1.19.0/STM32CubeIDE/plugins/com.st.stm32cube.ide.mcu.externaltools.gnu-tools-for-stm32.13.3.rel1.win32_1.0.100.202509120712/tools/bin/../lib/gcc/arm-none-eabi/13.3.1/../../../../arm-none-eabi/lib/thumb/v6-m/nofp\libc_nano.a(libc_a-memcmp.o)
                              ./Locker/Drivers/drv_mcu.o (memcmp)
C:/ST/STM32CubeIDE_1.19.0/STM32CubeIDE/plugins/com.st.stm32cube.ide.mcu.externaltools.gnu-tools-for-stm32.13.3.rel1.win32_1.0.100.202509120712/tools/bin/../lib/gcc/arm-none-eabi/13.3.1/../../../../arm-none-eabi/lib/thumb/v6-m/nofp\libc_nano.a(libc_a-memset.o)
                              C:/ST/STM32CubeIDE_1.19.0/STM32CubeIDE/plugins/com.st.stm32cube.ide.mcu.externaltools.gnu-tools-for-stm32.13.3.rel1.win32_1.0.100.202509120712/tools/bin/../lib/gcc/arm-none-eabi/13.3.1/../../../../arm-none-eabi/lib/thumb/v6-m/nofp/crt0.o (memset)
C:/ST/STM32CubeIDE_1.19.0/STM32CubeIDE/plugins/com.st.stm32cube.ide.mcu.externaltools.gnu-tools-for-stm32.13.3.rel1.win32_1.0.100.202509120712/tools/bin/../lib/gcc/arm-none-eabi/13.3.1/../../../../arm-none-eabi/lib/thumb/v6-m/nofp\libc_nano.a(libc_a-closer.o)
                              C:/ST/STM32CubeIDE_1.19.0/STM32CubeIDE/plugins/com.st.stm32cube.ide.mcu.externaltools.gnu-tools-for-stm32.13.3.rel1.win32_1.0.100.202509120712/tools/bin/../lib/gcc/arm-none-eabi/13.3.1/../../../../arm-none-eabi/lib/thumb/v6-m/nofp\libc_nano.a(libc_a-stdio.o) (_close_r)
C:/ST/STM32CubeIDE_1.19.0/STM32CubeIDE/plugins/com.st.stm32cube.ide.mcu.externaltools.gnu-tools-for-stm32.13.3.rel1.win32_1.0.100.202509120712/tools/bin/../lib/gcc/arm-none-eabi/13.3.1/../../../../arm-none-eabi/lib/thumb/v6-m/nofp\libc_nano.a(libc_a-reent.o)
                              C:/ST/STM32CubeIDE_1.19.0/STM32CubeIDE/plugins/com.st.stm32cube.ide.mcu.externaltools.gnu-tools-for-stm32.13.3.rel1.win32_1.0.100.202509120712/tools/bin/../lib/gcc/arm-none-eabi/13.3.1/../../../../arm-none-eabi/lib/thumb/v6-m/nofp\libc_nano.a(libc_a-closer.o) (errno)
C:/ST/STM32CubeIDE_1.19.0/STM32CubeIDE/plugins/com.st.stm32cube.ide.mcu.externaltools.gnu-tools-for-stm32.13.3.rel1.win32_1.0.100.202509120712/tools/bin/../lib/gcc/arm-none-eabi/13.3.1/../../../../arm-none-eabi/lib/thumb/v6-m/nofp\libc_nano.a(libc_a-impure.o)
                              C:/ST/STM32CubeIDE_1.19.0/STM32CubeIDE/plugins/com.st.stm32cube.ide.mcu.externaltools.gnu-tools-for-stm32.13.3.rel1.win32_1.0.100.202509120712/tools/bin/../lib/gcc/arm-none-eabi/13.3.1/../../../../arm-none-eabi/lib/thumb/v6-m/nofp\libc_nano.a(libc_a-reent.o) (_impure_ptr)
[...]
Memory Configuration

Name             Origin             Length             Attributes
RAM              0x20000000         0x00001000         xrw
FLASH            0x08000000         0x00004000         xr
*default*        0x00000000         0xffffffff

Linker script and memory map

LOAD C:/ST/STM32CubeIDE_1.19.0/STM32CubeIDE/plugins/com.st.stm32cube.ide.mcu.externaltools.gnu-tools-for-stm32.13.3.rel1.win32_1.0.100.202509120712/tools/bin/../lib/gcc/arm-none-eabi/13.3.1/thumb/v6-m/nofp/crti.o
LOAD C:/ST/STM32CubeIDE_1.19.0/STM32CubeIDE/plugins/com.st.stm32cube.ide.mcu.externaltools.gnu-tools-for-stm32.13.3.rel1.win32_1.0.100.202509120712/tools/bin/../lib/gcc/arm-none-eabi/13.3.1/thumb/v6-m/nofp/crtbegin.o
LOAD C:/ST/STM32CubeIDE_1.19.0/STM32CubeIDE/plugins/com.st.stm32cube.ide.mcu.externaltools.gnu-tools-for-stm32.13.3.rel1.win32_1.0.100.202509120712/tools/bin/../lib/gcc/arm-none-eabi/13.3.1/../../../../arm-none-eabi/lib/thumb/v6-m/nofp/crt0.o
LOAD ./Core/Src/dma.o
LOAD ./Core/Src/gpio.o
LOAD ./Core/Src/main.o
LOAD ./Core/Src/stm32f0xx_hal_msp.o
LOAD ./Core/Src/stm32f0xx_it.o
LOAD ./Core/Src/syscalls.o
LOAD ./Core/Src/sysmem.o
LOAD ./Core/Src/system_stm32f0xx.o
LOAD ./Core/Src/usart.o
LOAD ./Core/Startup/startup_stm32f030f4px.o
LOAD ./Drivers/STM32F0xx_HAL_Driver/Src/stm32f0xx_hal.o
LOAD ./Drivers/STM32F0xx_HAL_Driver/Src/stm32f0xx_hal_cortex.o
LOAD ./Drivers/STM32F0xx_HAL_Driver/Src/stm32f0xx_hal_dma.o
LOAD ./Drivers/STM32F0xx_HAL_Driver/Src/stm32f0xx_hal_exti.o
LOAD ./Drivers/STM32F0xx_HAL_Driver/Src/stm32f0xx_hal_flash.o
LOAD ./Drivers/STM32F0xx_HAL_Driver/Src/stm32f0xx_hal_flash_ex.o
LOAD ./Drivers/STM32F0xx_HAL_Driver/Src/stm32f0xx_hal_gpio.o
LOAD ./Drivers/STM32F0xx_HAL_Driver/Src/stm32f0xx_hal_i2c.o
LOAD ./Drivers/STM32F0xx_HAL_Driver/Src/stm32f0xx_hal_i2c_ex.o
LOAD ./Drivers/STM32F0xx_HAL_Driver/Src/stm32f0xx_hal_pwr.o
LOAD ./Drivers/STM32F0xx_HAL_Driver/Src/stm32f0xx_hal_pwr_ex.o
LOAD ./Drivers/STM32F0xx_HAL_Driver/Src/stm32f0xx_hal_rcc.o
LOAD ./Drivers/STM32F0xx_HAL_Driver/Src/stm32f0xx_hal_rcc_ex.o
LOAD ./Drivers/STM32F0xx_HAL_Driver/Src/stm32f0xx_hal_uart.o
LOAD ./Drivers/STM32F0xx_HAL_Driver/Src/stm32f0xx_hal_uart_ex.o
LOAD ./Locker/Applications/app_doorlock.o
LOAD ./Locker/Drivers/drv_mcu.o
LOAD ./Locker/Services/protocol.o
START GROUP
LOAD C:/ST/STM32CubeIDE_1.19.0/STM32CubeIDE/plugins/com.st.stm32cube.ide.mcu.externaltools.gnu-tools-for-stm32.13.3.rel1.win32_1.0.100.202509120712/tools/bin/../lib/gcc/arm-none-eabi/13.3.1/../../../../arm-none-eabi/lib/thumb/v6-m/nofp\libc_nano.a
LOAD C:/ST/STM32CubeIDE_1.19.0/STM32CubeIDE/plugins/com.st.stm32cube.ide.mcu.externaltools.gnu-tools-for-stm32.13.3.rel1.win32_1.0.100.202509120712/tools/bin/../lib/gcc/arm-none-eabi/13.3.1/../../../../arm-none-eabi/lib/thumb/v6-m/nofp\libm.a
END GROUP
START GROUP
LOAD C:/ST/STM32CubeIDE_1.19.0/STM32CubeIDE/plugins/com.st.stm32cube.ide.mcu.externaltools.gnu-tools-for-stm32.13.3.rel1.win32_1.0.100.202509120712/tools/bin/../lib/gcc/arm-none-eabi/13.3.1/thumb/v6-m/nofp\libgcc.a
LOAD C:/ST/STM32CubeIDE_1.19.0/STM32CubeIDE/plugins/com.st.stm32cube.ide.mcu.externaltools.gnu-tools-for-stm32.13.3.rel1.win32_1.0.100.202509120712/tools/bin/../lib/gcc/arm-none-eabi/13.3.1/../../../../arm-none-eabi/lib/thumb/v6-m/nofp\libc_nano.a
END GROUP
START GROUP
LOAD C:/ST/STM32CubeIDE_1.19.0/STM32CubeIDE/plugins/com.st.stm32cube.ide.mcu.externaltools.gnu-tools-for-stm32.13.3.rel1.win32_1.0.100.202509120712/tools/bin/../lib/gcc/arm-none-eabi/13.3.1/thumb/v6-m/nofp\libgcc.a
LOAD C:/ST/STM32CubeIDE_1.19.0/STM32CubeIDE/plugins/com.st.stm32cube.ide.mcu.externaltools.gnu-tools-for-stm32.13.3.rel1.win32_1.0.100.202509120712/tools/bin/../lib/gcc/arm-none-eabi/13.3.1/../../../../arm-none-eabi/lib/thumb/v6-m/nofp\libc_nano.a
LOAD C:/ST/STM32CubeIDE_1.19.0/STM32CubeIDE/plugins/com.st.stm32cube.ide.mcu.externaltools.gnu-tools-for-stm32.13.3.rel1.win32_1.0.100.202509120712/tools/bin/../lib/gcc/arm-none-eabi/13.3.1/../../../../arm-none-eabi/lib/thumb/v6-m/nofp\libnosys.a
END GROUP
START GROUP
LOAD C:/ST/STM32CubeIDE_1.19.0/STM32CubeIDE/plugins/com.st.stm32cube.ide.mcu.externaltools.gnu-tools-for-stm32.13.3.rel1.win32_1.0.100.202509120712/tools/bin/../lib/gcc/arm-none-eabi/13.3.1/thumb/v6-m/nofp\libgcc.a
LOAD C:/ST/STM32CubeIDE_1.19.0/STM32CubeIDE/plugins/com.st.stm32cube.ide.mcu.externaltools.gnu-tools-for-stm32.13.3.rel1.win32_1.0.100.202509120712/tools/bin/../lib/gcc/arm-none-eabi/13.3.1/../../../../arm-none-eabi/lib/thumb/v6-m/nofp\libc_nano.a
LOAD C:/ST/STM32CubeIDE_1.19.0/STM32CubeIDE/plugins/com.st.stm32cube.ide.mcu.externaltools.gnu-tools-for-stm32.13.3.rel1.win32_1.0.100.202509120712/tools/bin/../lib/gcc/arm-none-eabi/13.3.1/../../../../arm-none-eabi/lib/thumb/v6-m/nofp\libnosys.a
END GROUP
LOAD C:/ST/STM32CubeIDE_1.19.0/STM32CubeIDE/plugins/com.st.stm32cube.ide.mcu.externaltools.gnu-tools-for-stm32.13.3.rel1.win32_1.0.100.202509120712/tools/bin/../lib/gcc/arm-none-eabi/13.3.1/thumb/v6-m/nofp/crtend.o
LOAD C:/ST/STM32CubeIDE_1.19.0/STM32CubeIDE/plugins/com.st.stm32cube.ide.mcu.externaltools.gnu-tools-for-stm32.13.3.rel1.win32_1.0.100.202509120712/tools/bin/../lib/gcc/arm-none-eabi/13.3.1/thumb/v6-m/nofp/crtn.o
                0x20001000                        _estack = (ORIGIN (RAM) + LENGTH (RAM))
                0x00000200                        _Min_Heap_Size = 0x200
                0x00000400                        _Min_Stack_Size = 0x400

.isr_vector     0x08000000       0xc0
                0x08000000                        . = ALIGN (0x4)
 *(.isr_vector)
 .isr_vector    0x08000000       0xc0 ./Core/Startup/startup_stm32f030f4px.o
                0x08000000                g_pfnVectors
                0x080000c0                        . = ALIGN (0x4)

.text           0x080000c0     0x2320
                0x080000c0                        . = ALIGN (0x4)
 *(.text)
 .text          0x080000c0       0x48 C:/ST/STM32CubeIDE_1.19.0/STM32CubeIDE/plugins/com.st.stm32cube.ide.mcu.externaltools.gnu-tools-for-stm32.13.3.rel1.win32_1.0.100.202509120712/tools/bin/../lib/gcc/arm-none-eabi/13.3.1/thumb/v6-m/nofp/crtbegin.o
 .text          0x08000108       0x14 C:/ST/STM32CubeIDE_1.19.0/STM32CubeIDE/plugins/com.st.stm32cube.ide.mcu.externaltools.gnu-tools-for-stm32.13.3.rel1.win32_1.0.100.202509120712/tools/bin/../lib/gcc/arm-none-eabi/13.3.1/thumb/v6-m/nofp\libgcc.a(_thumb1_case_uqi.o)
                0x08000108                __gnu_thumb1_case_uqi
 .text          0x0800011c      0x114 C:/ST/STM32CubeIDE_1.19.0/STM32CubeIDE/plugins/com.st.stm32cube.ide.mcu.externaltools.gnu-tools-for-stm32.13.3.rel1.win32_1.0.100.202509120712/tools/bin/../lib/gcc/arm-none-eabi/13.3.1/thumb/v6-m/nofp\libgcc.a(_udivsi3.o)
                0x0800011c                __aeabi_uidiv
                0x0800011c                __udivsi3
                0x08000228                __aeabi_uidivmod
 .text          0x08000230        0x4 C:/ST/STM32CubeIDE_1.19.0/STM32CubeIDE/plugins/com.st.stm32cube.ide.mcu.externaltools.gnu-tools-for-stm32.13.3.rel1.win32_1.0.100.202509120712/tools/bin/../lib/gcc/arm-none-eabi/13.3.1/thumb/v6-m/nofp\libgcc.a(_dvmd_tls.o)
                0x08000230                __aeabi_idiv0
                0x08000230                __aeabi_ldiv0
 .text          0x08000234       0x18 C:/ST/STM32CubeIDE_1.19.0/STM32CubeIDE/plugins/com.st.stm32cube.ide.mcu.externaltools.gnu-tools-for-stm32.13.3.rel1.win32_1.0.100.202509120712/tools/bin/../lib/gcc/arm-none-eabi/13.3.1/thumb/v6-m/nofp\libgcc.a(_lshrdi3.o)
                0x08000234                __lshrdi3
                0x08000234                __aeabi_llsr
 *(.text*)
 .text.MX_DMA_Init
                0x0800024c       0x2c ./Core/Src/dma.o
                0x0800024c                MX_DMA_Init
 .text.MX_GPIO_Init
                0x08000278       0xb8 ./Core/Src/gpio.o
                0x08000278                MX_GPIO_Init
 .text.SystemClock_Config
                0x08000330       0x6a ./Core/Src/main.o
                0x08000330                SystemClock_Config
 *fill*         0x0800039a        0x2 
 .text.startup.main
                0x0800039c       0x38 ./Core/Src/main.o
                0x0800039c                main
 .text.HAL_GPIO_EXTI_Callback
                0x080003d4        0xc ./Core/Src/main.o
                0x080003d4                HAL_GPIO_EXTI_Callback
 .text.Error_Handler
                0x080003e0        0x4 ./Core/Src/main.o
                0x080003e0                Error_Handler
 .text.HAL_MspInit
                0x080003e4       0x30 ./Core/Src/stm32f0xx_hal_msp.o
                0x080003e4                HAL_MspInit
 .text.NMI_Handler
                0x08000414        0x2 ./Core/Src/stm32f0xx_it.o
                0x08000414                NMI_Handler
 .text.HardFault_Handler
                0x08000416        0x2 ./Core/Src/stm32f0xx_it.o
                0x08000416                HardFault_Handler
 .text.SVC_Handler
                0x08000418        0x2 ./Core/Src/stm32f0xx_it.o
                0x08000418                SVC_Handler
 .text.PendSV_Handler
                0x0800041a        0x2 ./Core/Src/stm32f0xx_it.o
                0x0800041a                PendSV_Handler
 .text.SysTick_Handler
                0x0800041c        0x8 ./Core/Src/stm32f0xx_it.o
                0x0800041c                SysTick_Handler
 .text.EXTI4_15_IRQHandler
                0x08000424        0xa ./Core/Src/stm32f0xx_it.o
                0x08000424                EXTI4_15_IRQHandler
 *fill*         0x0800042e        0x2 
 .text.DMA1_Channel2_3_IRQHandler
                0x08000430       0x18 ./Core/Src/stm32f0xx_it.o
                0x08000430                DMA1_Channel2_3_IRQHandler
 .text.USART1_IRQHandler
                0x08000448       0x2c ./Core/Src/stm32f0xx_it.o
                0x08000448                USART1_IRQHandler
 .text.SystemInit
                0x08000474        0x2 ./Core/Src/system_stm32f0xx.o
                0x08000474                SystemInit
 *fill*         0x08000476        0x2 
 .text.MX_USART1_UART_Init
                0x08000478       0x38 ./Core/Src/usart.o
                0x08000478                MX_USART1_UART_Init
 .text.HAL_UART_MspInit
                0x080004b0       0xdc ./Core/Src/usart.o
                0x080004b0                HAL_UART_MspInit
 .text.Reset_Handler
                0x0800058c       0x50 ./Core/Startup/startup_stm32f030f4px.o
                0x0800058c                Reset_Handler
 .text.Default_Handler
                0x080005dc        0x2 ./Core/Startup/startup_stm32f030f4px.o
                0x080005dc                TIM1_CC_IRQHandler
                0x080005dc                I2C1_IRQHandler
                0x080005dc                SPI1_IRQHandler
                0x080005dc                EXTI2_3_IRQHandler
                0x080005dc                ADC1_IRQHandler
                0x080005dc                TIM17_IRQHandler
                0x080005dc                RTC_IRQHandler
                0x080005dc                TIM16_IRQHandler
                0x080005dc                TIM3_IRQHandler
                0x080005dc                RCC_IRQHandler
                0x080005dc                DMA1_Channel1_IRQHandler
                0x080005dc                Default_Handler
                0x080005dc                TIM14_IRQHandler
                0x080005dc                DMA1_Channel4_5_IRQHandler
                0x080005dc                EXTI0_1_IRQHandler
                0x080005dc                WWDG_IRQHandler
                0x080005dc                FLASH_IRQHandler
                0x080005dc                TIM1_BRK_UP_TRG_COM_IRQHandler
 *fill*         0x080005de        0x2 
 .text.HAL_InitTick
                0x080005e0       0x48 ./Drivers/STM32F0xx_HAL_Driver/Src/stm32f0xx_hal.o
                0x080005e0                HAL_InitTick
 .text.HAL_Init
                0x08000628       0x20 ./Drivers/STM32F0xx_HAL_Driver/Src/stm32f0xx_hal.o
                0x08000628                HAL_Init
 .text.HAL_IncTick
                0x08000648       0x18 ./Drivers/STM32F0xx_HAL_Driver/Src/stm32f0xx_hal.o
                0x08000648                HAL_IncTick
 .text.HAL_GetTick
                0x08000660        0xc ./Drivers/STM32F0xx_HAL_Driver/Src/stm32f0xx_hal.o
                0x08000660                HAL_GetTick
 .text.HAL_Delay
                0x0800066c       0x24 ./Drivers/STM32F0xx_HAL_Driver/Src/stm32f0xx_hal.o
                0x0800066c                HAL_Delay
 .text.HAL_GetUIDw0
                0x08000690        0xc ./Drivers/STM32F0xx_HAL_Driver/Src/stm32f0xx_hal.o
                0x08000690                HAL_GetUIDw0
 .text.HAL_GetUIDw1
                0x0800069c        0xc ./Drivers/STM32F0xx_HAL_Driver/Src/stm32f0xx_hal.o
                0x0800069c                HAL_GetUIDw1
 .text.HAL_GetUIDw2
                0x080006a8        0xc ./Drivers/STM32F0xx_HAL_Driver/Src/stm32f0xx_hal.o
                0x080006a8                HAL_GetUIDw2
 .text.HAL_NVIC_SetPriority
                0x080006b4       0x54 ./Drivers/STM32F0xx_HAL_Driver/Src/stm32f0xx_hal_cortex.o
                0x080006b4                HAL_NVIC_SetPriority
 .text.HAL_NVIC_EnableIRQ
                0x08000708       0x18 ./Drivers/STM32F0xx_HAL_Driver/Src/stm32f0xx_hal_cortex.o
                0x08000708                HAL_NVIC_EnableIRQ
 .text.HAL_SYSTICK_Config
                0x08000720       0x34 ./Drivers/STM32F0xx_HAL_Driver/Src/stm32f0xx_hal_cortex.o
                0x08000720                HAL_SYSTICK_Config
 .text.HAL_DMA_Init
                0x08000754       0x64 ./Drivers/STM32F0xx_HAL_Driver/Src/stm32f0xx_hal_dma.o
                0x08000754                HAL_DMA_Init
 .text.HAL_DMA_Start_IT
                0x080007b8       0x78 ./Drivers/STM32F0xx_HAL_Driver/Src/stm32f0xx_hal_dma.o
                0x080007b8                HAL_DMA_Start_IT
 .text.HAL_DMA_Abort
                0x08000830       0x3c ./Drivers/STM32F0xx_HAL_Driver/Src/stm32f0xx_hal_dma.o
                0x08000830                HAL_DMA_Abort
 .text.HAL_DMA_Abort_IT
                0x0800086c       0x42 ./Drivers/STM32F0xx_HAL_Driver/Src/stm32f0xx_hal_dma.o
                0x0800086c                HAL_DMA_Abort_IT
 .text.HAL_DMA_IRQHandler
                0x080008ae       0x92 ./Drivers/STM32F0xx_HAL_Driver/Src/stm32f0xx_hal_dma.o
                0x080008ae                HAL_DMA_IRQHandler
 .text.HAL_DMA_GetError
                0x08000940        0x4 ./Drivers/STM32F0xx_HAL_Driver/Src/stm32f0xx_hal_dma.o
                0x08000940                HAL_DMA_GetError
 .text.FLASH_SetErrorCode
                0x08000944       0x3c ./Drivers/STM32F0xx_HAL_Driver/Src/stm32f0xx_hal_flash.o
 .text.HAL_FLASH_Unlock
                0x08000980       0x28 ./Drivers/STM32F0xx_HAL_Driver/Src/stm32f0xx_hal_flash.o
                0x08000980                HAL_FLASH_Unlock
 .text.HAL_FLASH_Lock
                0x080009a8       0x14 ./Drivers/STM32F0xx_HAL_Driver/Src/stm32f0xx_hal_flash.o
                0x080009a8                HAL_FLASH_Lock
 .text.FLASH_WaitForLastOperation
                0x080009bc       0x54 ./Drivers/STM32F0xx_HAL_Driver/Src/stm32f0xx_hal_flash.o
                0x080009bc                FLASH_WaitForLastOperation
 .text.HAL_FLASH_Program
                0x08000a10       0x8c ./Drivers/STM32F0xx_HAL_Driver/Src/stm32f0xx_hal_flash.o
                0x08000a10                HAL_FLASH_Program
 .text.FLASH_MassErase
                0x08000a9c       0x24 ./Drivers/STM32F0xx_HAL_Driver/Src/stm32f0xx_hal_flash_ex.o
 .text.FLASH_PageErase
                0x08000ac0       0x24 ./Drivers/STM32F0xx_HAL_Driver/Src/stm32f0xx_hal_flash_ex.o
                0x08000ac0                FLASH_PageErase
 .text.HAL_FLASHEx_Erase
                0x08000ae4       0x94 ./Drivers/STM32F0xx_HAL_Driver/Src/stm32f0xx_hal_flash_ex.o
                0x08000ae4                HAL_FLASHEx_Erase
 .text.HAL_GPIO_Init
                0x08000b78      0x170 ./Drivers/STM32F0xx_HAL_Driver/Src/stm32f0xx_hal_gpio.o
                0x08000b78                HAL_GPIO_Init
 .text.HAL_GPIO_ReadPin
                0x08000ce8        0xc ./Drivers/STM32F0xx_HAL_Driver/Src/stm32f0xx_hal_gpio.o
                0x08000ce8                HAL_GPIO_ReadPin
 .text.HAL_GPIO_WritePin
                0x08000cf4        0xc ./Drivers/STM32F0xx_HAL_Driver/Src/stm32f0xx_hal_gpio.o
                0x08000cf4                HAL_GPIO_WritePin
 .text.HAL_GPIO_EXTI_IRQHandler
                0x08000d00       0x18 ./Drivers/STM32F0xx_HAL_Driver/Src/stm32f0xx_hal_gpio.o
                0x08000d00                HAL_GPIO_EXTI_IRQHandler
 .text.HAL_RCC_OscConfig
                0x08000d18      0x3fc ./Drivers/STM32F0xx_HAL_Driver/Src/stm32f0xx_hal_rcc.o
                0x08000d18                HAL_RCC_OscConfig
 .text.HAL_RCC_GetSysClockFreq
                0x08001114       0x4c ./Drivers/STM32F0xx_HAL_Driver/Src/stm32f0xx_hal_rcc.o
                0x08001114                HAL_RCC_GetSysClockFreq
 .text.HAL_RCC_ClockConfig
                0x08001160      0x108 ./Drivers/STM32F0xx_HAL_Driver/Src/stm32f0xx_hal_rcc.o
                0x08001160                HAL_RCC_ClockConfig
 .text.HAL_RCC_GetPCLK1Freq
                0x08001268       0x20 ./Drivers/STM32F0xx_HAL_Driver/Src/stm32f0xx_hal_rcc.o
                0x08001268                HAL_RCC_GetPCLK1Freq
 .text.HAL_RCCEx_PeriphCLKConfig
                0x08001288      0x10c ./Drivers/STM32F0xx_HAL_Driver/Src/stm32f0xx_hal_rcc_ex.o
                0x08001288                HAL_RCCEx_PeriphCLKConfig
 .text.UART_EndRxTransfer
                0x08001394       0x5c ./Drivers/STM32F0xx_HAL_Driver/Src/stm32f0xx_hal_uart.o
 .text.HAL_UART_Transmit_DMA
                0x080013f0       0x9c ./Drivers/STM32F0xx_HAL_Driver/Src/stm32f0xx_hal_uart.o
                0x080013f0                HAL_UART_Transmit_DMA
 .text.HAL_UART_DMAStop
                0x0800148c       0xb4 ./Drivers/STM32F0xx_HAL_Driver/Src/stm32f0xx_hal_uart.o
                0x0800148c                HAL_UART_DMAStop
 .text.UART_DMATransmitCplt
                0x08001540       0x4a ./Drivers/STM32F0xx_HAL_Driver/Src/stm32f0xx_hal_uart.o
 .text.HAL_UART_TxHalfCpltCallback
                0x0800158a        0x2 ./Drivers/STM32F0xx_HAL_Driver/Src/stm32f0xx_hal_uart.o
                0x0800158a                HAL_UART_TxHalfCpltCallback
 .text.UART_DMATxHalfCplt
                0x0800158c        0xa ./Drivers/STM32F0xx_HAL_Driver/Src/stm32f0xx_hal_uart.o
 .text.HAL_UART_RxCpltCallback
                0x08001596        0x2 ./Drivers/STM32F0xx_HAL_Driver/Src/stm32f0xx_hal_uart.o
                0x08001596                HAL_UART_RxCpltCallback
 .text.HAL_UART_RxHalfCpltCallback
                0x08001598        0x2 ./Drivers/STM32F0xx_HAL_Driver/Src/stm32f0xx_hal_uart.o
                0x08001598                HAL_UART_RxHalfCpltCallback
 .text.HAL_UART_ErrorCallback
                0x0800159a        0x2 ./Drivers/STM32F0xx_HAL_Driver/Src/stm32f0xx_hal_uart.o
                0x0800159a                HAL_UART_ErrorCallback
 .text.UART_DMAError
                0x0800159c       0x68 ./Drivers/STM32F0xx_HAL_Driver/Src/stm32f0xx_hal_uart.o
 .text.UART_DMAAbortOnError
                0x08001604       0x16 ./Drivers/STM32F0xx_HAL_Driver/Src/stm32f0xx_hal_uart.o
 .text.HAL_UARTEx_RxEventCallback
                0x0800161a        0x2 ./Drivers/STM32F0xx_HAL_Driver/Src/stm32f0xx_hal_uart.o
                0x0800161a                HAL_UARTEx_RxEventCallback
 .text.HAL_UART_IRQHandler
                0x0800161c      0x2a8 ./Drivers/STM32F0xx_HAL_Driver/Src/stm32f0xx_hal_uart.o
                0x0800161c                HAL_UART_IRQHandler
 .text.UART_DMARxHalfCplt
                0x080018c4       0x22 ./Drivers/STM32F0xx_HAL_Driver/Src/stm32f0xx_hal_uart.o
 *fill*         0x080018e6        0x2 
 .text.UART_DMAReceiveCplt
                0x080018e8       0x9c ./Drivers/STM32F0xx_HAL_Driver/Src/stm32f0xx_hal_uart.o
 .text.UART_SetConfig
                0x08001984      0x114 ./Drivers/STM32F0xx_HAL_Driver/Src/stm32f0xx_hal_uart.o
                0x08001984                UART_SetConfig
 .text.UART_AdvFeatureConfig
                0x08001a98       0xd0 ./Drivers/STM32F0xx_HAL_Driver/Src/stm32f0xx_hal_uart.o
                0x08001a98                UART_AdvFeatureConfig
 .text.UART_WaitOnFlagUntilTimeout
                0x08001b68       0x90 ./Drivers/STM32F0xx_HAL_Driver/Src/stm32f0xx_hal_uart.o
                0x08001b68                UART_WaitOnFlagUntilTimeout
 .text.UART_CheckIdleState
                0x08001bf8       0xc0 ./Drivers/STM32F0xx_HAL_Driver/Src/stm32f0xx_hal_uart.o
                0x08001bf8                UART_CheckIdleState
 .text.HAL_UART_Init
                0x08001cb8       0x64 ./Drivers/STM32F0xx_HAL_Driver/Src/stm32f0xx_hal_uart.o
                0x08001cb8                HAL_UART_Init
 .text.UART_Start_Receive_DMA
                0x08001d1c       0xa8 ./Drivers/STM32F0xx_HAL_Driver/Src/stm32f0xx_hal_uart.o
                0x08001d1c                UART_Start_Receive_DMA
 .text.HAL_UART_Receive_DMA
                0x08001dc4       0x5c ./Drivers/STM32F0xx_HAL_Driver/Src/stm32f0xx_hal_uart.o
                0x08001dc4                HAL_UART_Receive_DMA
 .text.App_UpdateIO
                0x08001e20       0x1c ./Locker/Applications/app_doorlock.o
 .text.App_Init
                0x08001e3c       0x10 ./Locker/Applications/app_doorlock.o
                0x08001e3c                App_Init
 .text.App_SignalLockTrigger
                0x08001e4c        0xc ./Locker/Applications/app_doorlock.o
                0x08001e4c                App_SignalLockTrigger
 .text.App_Process
                0x08001e58      0x1c4 ./Locker/Applications/app_doorlock.o
                0x08001e58                App_Process
 .text.Drv_Init
                0x0800201c       0x18 ./Locker/Drivers/drv_mcu.o
                0x0800201c                Drv_Init
 .text.Drv_RS485_Send
                0x08002034       0x34 ./Locker/Drivers/drv_mcu.o
                0x08002034                Drv_RS485_Send
 .text.Drv_RS485_Receive_DMA
                0x08002068       0x14 ./Locker/Drivers/drv_mcu.o
                0x08002068                Drv_RS485_Receive_DMA
 .text.Drv_RS485_GetRxLength
                0x0800207c       0x14 ./Locker/Drivers/drv_mcu.o
                0x0800207c                Drv_RS485_GetRxLength
 .text.Drv_GetUID
                0x08002090       0x22 ./Locker/Drivers/drv_mcu.o
                0x08002090                Drv_GetUID
 .text.Drv_CheckUIDMatch
                0x080020b2       0x1e ./Locker/Drivers/drv_mcu.o
                0x080020b2                Drv_CheckUIDMatch
 .text.Drv_Lock_Set
                0x080020d0       0x10 ./Locker/Drivers/drv_mcu.o
                0x080020d0                Drv_Lock_Set
 .text.Drv_Lock_ReadInput
                0x080020e0       0x16 ./Locker/Drivers/drv_mcu.o
                0x080020e0                Drv_Lock_ReadInput
 *fill*         0x080020f6        0x2 
 .text.Drv_LED_Set
                0x080020f8       0x34 ./Locker/Drivers/drv_mcu.o
                0x080020f8                Drv_LED_Set
 .text.Drv_Flash_Write
                0x0800212c       0x54 ./Locker/Drivers/drv_mcu.o
                0x0800212c                Drv_Flash_Write
 .text.Drv_Flash_Read
                0x08002180       0x14 ./Locker/Drivers/drv_mcu.o
                0x08002180                Drv_Flash_Read
 .text.HAL_UART_TxCpltCallback
                0x08002194       0x24 ./Locker/Drivers/drv_mcu.o
                0x08002194                HAL_UART_TxCpltCallback
 .text.Protocol_CalcCRC
                0x080021b8       0x40 ./Locker/Services/protocol.o
                0x080021b8                Protocol_CalcCRC
 .text.Protocol_IsHeadTailCorrect
                0x080021f8       0x22 ./Locker/Services/protocol.o
                0x080021f8                Protocol_IsHeadTailCorrect
 .text.Protocol_ParseFrame
                0x0800221a       0x8c ./Locker/Services/protocol.o
                0x0800221a                Protocol_ParseFrame
 .text.Protocol_BuildPacket
                0x080022a6       0x98 ./Locker/Services/protocol.o
                0x080022a6                Protocol_BuildPacket
 .text.memcmp   0x0800233e       0x1c C:/ST/STM32CubeIDE_1.19.0/STM32CubeIDE/plugins/com.st.stm32cube.ide.mcu.externaltools.gnu-tools-for-stm32.13.3.rel1.win32_1.0.100.202509120712/tools/bin/../lib/gcc/arm-none-eabi/13.3.1/../../../../arm-none-eabi/lib/thumb/v6-m/nofp\libc_nano.a(libc_a-memcmp.o)
                0x0800233e                memcmp
 .text.memset   0x0800235a       0x10 C:/ST/STM32CubeIDE_1.19.0/STM32CubeIDE/plugins/com.st.stm32cube.ide.mcu.externaltools.gnu-tools-for-stm32.13.3.rel1.win32_1.0.100.202509120712/tools/bin/../lib/gcc/arm-none-eabi/13.3.1/../../../../arm-none-eabi/lib/thumb/v6-m/nofp\libc_nano.a(libc_a-memset.o)
                0x0800235a                memset
 *fill*         0x0800236a        0x2 
 .text.__libc_init_array
                0x0800236c       0x48 C:/ST/STM32CubeIDE_1.19.0/STM32CubeIDE/plugins/com.st.stm32cube.ide.mcu.externaltools.gnu-tools-for-stm32.13.3.rel1.win32_1.0.100.202509120712/tools/bin/../lib/gcc/arm-none-eabi/13.3.1/../../../../arm-none-eabi/lib/thumb/v6-m/nofp\libc_nano.a(libc_a-init.o)
                0x0800236c                __libc_init_array
 .text.memcpy   0x080023b4       0x12 C:/ST/STM32CubeIDE_1.19.0/STM32CubeIDE/plugins/com.st.stm32cube.ide.mcu.externaltools.gnu-tools-for-stm32.13.3.rel1.win32_1.0.100.202509120712/tools/bin/../lib/gcc/arm-none-eabi/13.3.1/../../../../arm-none-eabi/lib/thumb/v6-m/nofp\libc_nano.a(libc_a-memcpy-stub.o)
                0x080023b4                memcpy
 *(.glue_7)
 .glue_7        0x080023c6        0x0 linker stubs
 *(.glue_7t)
 .glue_7t       0x080023c6        0x0 linker stubs
 *(.eh_frame)
 *fill*         0x080023c6        0x2 
 .eh_frame      0x080023c8        0x0 C:/ST/STM32CubeIDE_1.19.0/STM32CubeIDE/plugins/com.st.stm32cube.ide.mcu.externaltools.gnu-tools-for-stm32.13.3.rel1.win32_1.0.100.202509120712/tools/bin/../lib/gcc/arm-none-eabi/13.3.1/thumb/v6-m/nofp/crtbegin.o
 *(.init)
 .init          0x080023c8        0x4 C:/ST/STM32CubeIDE_1.19.0/STM32CubeIDE/plugins/com.st.stm32cube.ide.mcu.externaltools.gnu-tools-for-stm32.13.3.rel1.win32_1.0.100.202509120712/tools/bin/../lib/gcc/arm-none-eabi/13.3.1/thumb/v6-m/nofp/crti.o
                0x080023c8                _init
 .init          0x080023cc        0x8 C:/ST/STM32CubeIDE_1.19.0/STM32CubeIDE/plugins/com.st.stm32cube.ide.mcu.externaltools.gnu-tools-for-stm32.13.3.rel1.win32_1.0.100.202509120712/tools/bin/../lib/gcc/arm-none-eabi/13.3.1/thumb/v6-m/nofp/crtn.o
 *(.fini)
 .fini          0x080023d4        0x4 C:/ST/STM32CubeIDE_1.19.0/STM32CubeIDE/plugins/com.st.stm32cube.ide.mcu.externaltools.gnu-tools-for-stm32.13.3.rel1.win32_1.0.100.202509120712/tools/bin/../lib/gcc/arm-none-eabi/13.3.1/thumb/v6-m/nofp/crti.o
                0x080023d4                _fini
 .fini          0x080023d8        0x8 C:/ST/STM32CubeIDE_1.19.0/STM32CubeIDE/plugins/com.st.stm32cube.ide.mcu.externaltools.gnu-tools-for-stm32.13.3.rel1.win32_1.0.100.202509120712/tools/bin/../lib/gcc/arm-none-eabi/13.3.1/thumb/v6-m/nofp/crtn.o
                0x080023e0                        . = ALIGN (0x4)
                0x080023e0                        _etext = .

.vfp11_veneer   0x080023e0        0x0
 .vfp11_veneer  0x080023e0        0x0 linker stubs

.v4_bx          0x080023e0        0x0
 .v4_bx         0x080023e0        0x0 linker stubs

.iplt           0x080023e0        0x0
 .iplt          0x080023e0        0x0 C:/ST/STM32CubeIDE_1.19.0/STM32CubeIDE/plugins/com.st.stm32cube.ide.mcu.externaltools.gnu-tools-for-stm32.13.3.rel1.win32_1.0.100.202509120712/tools/bin/../lib/gcc/arm-none-eabi/13.3.1/thumb/v6-m/nofp/crtbegin.o

.rodata         0x080023e0       0x3c
                0x080023e0                        . = ALIGN (0x4)
 *(.rodata)
 *(.rodata*)
 .rodata.APBPrescTable
                0x080023e0        0x8 ./Core/Src/system_stm32f0xx.o
                0x080023e0                APBPrescTable
 .rodata.AHBPrescTable
                0x080023e8       0x10 ./Core/Src/system_stm32f0xx.o
                0x080023e8                AHBPrescTable
 .rodata.aPredivFactorTable.0
                0x080023f8       0x10 ./Drivers/STM32F0xx_HAL_Driver/Src/stm32f0xx_hal_rcc.o
 .rodata.aPLLMULFactorTable.1
                0x08002408       0x10 ./Drivers/STM32F0xx_HAL_Driver/Src/stm32f0xx_hal_rcc.o
 .rodata.CSWTCH.58
                0x08002418        0x3 ./Drivers/STM32F0xx_HAL_Driver/Src/stm32f0xx_hal_uart.o
                0x0800241c                        . = ALIGN (0x4)
 *fill*         0x0800241b        0x1 

.ARM.extab      0x0800241c        0x0
                0x0800241c                        . = ALIGN (0x4)
 *(.ARM.extab* .gnu.linkonce.armextab.*)
                0x0800241c                        . = ALIGN (0x4)

.ARM            0x0800241c        0x0
                0x0800241c                        . = ALIGN (0x4)
                0x0800241c                        __exidx_start = .
 *(.ARM.exidx*)
                0x0800241c                        __exidx_end = .
                0x0800241c                        . = ALIGN (0x4)

.preinit_array  0x0800241c        0x0
                0x0800241c                        . = ALIGN (0x4)
                0x0800241c                        PROVIDE (__preinit_array_start = .)
 *(.preinit_array*)
                0x0800241c                        PROVIDE (__preinit_array_end = .)
                0x0800241c                        . = ALIGN (0x4)

.init_array     0x0800241c        0x4
                0x0800241c                        . = ALIGN (0x4)
                0x0800241c                        PROVIDE (__init_array_start = .)
 *(SORT_BY_NAME(.init_array.*))
 *(.init_array*)
 .init_array    0x0800241c        0x4 C:/ST/STM32CubeIDE_1.19.0/STM32CubeIDE/plugins/com.st.stm32cube.ide.mcu.externaltools.gnu-tools-for-stm32.13.3.rel1.win32_1.0.100.202509120712/tools/bin/../lib/gcc/arm-none-eabi/13.3.1/thumb/v6-m/nofp/crtbegin.o
                0x08002420                        PROVIDE (__init_array_end = .)
                0x08002420                        . = ALIGN (0x4)

.fini_array     0x08002420        0x4
                0x08002420                        . = ALIGN (0x4)
                [!provide]                        PROVIDE (__fini_array_start = .)
 *(SORT_BY_NAME(.fini_array.*))
 *(.fini_array*)
 .fini_array    0x08002420        0x4 C:/ST/STM32CubeIDE_1.19.0/STM32CubeIDE/plugins/com.st.stm32cube.ide.mcu.externaltools.gnu-tools-for-stm32.13.3.rel1.win32_1.0.100.202509120712/tools/bin/../lib/gcc/arm-none-eabi/13.3.1/thumb/v6-m/nofp/crtbegin.o
                [!provide]                        PROVIDE (__fini_array_end = .)
                0x08002424                        . = ALIGN (0x4)
                0x08002424                        _sidata = LOADADDR (.data)

.rel.dyn        0x08002424        0x0
 .rel.iplt      0x08002424        0x0 C:/ST/STM32CubeIDE_1.19.0/STM32CubeIDE/plugins/com.st.stm32cube.ide.mcu.externaltools.gnu-tools-for-stm32.13.3.rel1.win32_1.0.100.202509120712/tools/bin/../lib/gcc/arm-none-eabi/13.3.1/thumb/v6-m/nofp/crtbegin.o

.data           0x20000000        0xc load address 0x08002424
                0x20000000                        . = ALIGN (0x4)
                0x20000000                        _sdata = .
 *(.data)
 *(.data*)
 .data.SystemCoreClock
                0x20000000        0x4 ./Core/Src/system_stm32f0xx.o
                0x20000000                SystemCoreClock
 .data.uwTickFreq
                0x20000004        0x1 ./Drivers/STM32F0xx_HAL_Driver/Src/stm32f0xx_hal.o
                0x20000004                uwTickFreq
 *fill*         0x20000005        0x3 
 .data.uwTickPrio
                0x20000008        0x4 ./Drivers/STM32F0xx_HAL_Driver/Src/stm32f0xx_hal.o
                0x20000008                uwTickPrio
 *(.RamFunc)
 *(.RamFunc*)
                0x2000000c                        . = ALIGN (0x4)
                0x2000000c                        _edata = .

.igot.plt       0x2000000c        0x0 load address 0x08002430
 .igot.plt      0x2000000c        0x0 C:/ST/STM32CubeIDE_1.19.0/STM32CubeIDE/plugins/com.st.stm32cube.ide.mcu.externaltools.gnu-tools-for-stm32.13.3.rel1.win32_1.0.100.202509120712/tools/bin/../lib/gcc/arm-none-eabi/13.3.1/thumb/v6-m/nofp/crtbegin.o
                0x2000000c                        . = ALIGN (0x4)

.bss            0x20000010      0x2fc load address 0x08002430
                0x20000010                        _sbss = .
                0x20000010                        __bss_start__ = _sbss
 *(.bss)
 .bss           0x20000010       0x1c C:/ST/STM32CubeIDE_1.19.0/STM32CubeIDE/plugins/com.st.stm32cube.ide.mcu.externaltools.gnu-tools-for-stm32.13.3.rel1.win32_1.0.100.202509120712/tools/bin/../lib/gcc/arm-none-eabi/13.3.1/thumb/v6-m/nofp/crtbegin.o
 *(.bss*)
 .bss.hdma_usart1_tx
                0x2000002c       0x44 ./Core/Src/usart.o
                0x2000002c                hdma_usart1_tx
 .bss.hdma_usart1_rx
                0x20000070       0x44 ./Core/Src/usart.o
                0x20000070                hdma_usart1_rx
 .bss.huart1    0x200000b4       0x88 ./Core/Src/usart.o
                0x200000b4                huart1
 .bss.uwTick    0x2000013c        0x4 ./Drivers/STM32F0xx_HAL_Driver/Src/stm32f0xx_hal.o
                0x2000013c                uwTick
 .bss.pFlash    0x20000140       0x20 ./Drivers/STM32F0xx_HAL_Driver/Src/stm32f0xx_hal_flash.o
                0x20000140                pFlash
 .bss.doorLockCycles
                0x20000160        0x1 ./Locker/Applications/app_doorlock.o
 .bss.pollCounter
                0x20000161        0x1 ./Locker/Applications/app_doorlock.o
 .bss.pendingLockFrame
                0x20000162        0x1 ./Locker/Applications/app_doorlock.o
 .bss.currentFrame
                0x20000163       0x21 ./Locker/Applications/app_doorlock.o
 .bss.txBuffer  0x20000184       0x40 ./Locker/Applications/app_doorlock.o
 .bss.rxBuffer  0x200001c4       0x40 ./Locker/Applications/app_doorlock.o
 .bss.memory    0x20000204      0x100 ./Locker/Applications/app_doorlock.o
 .bss.Drv_TxBusyFlag
                0x20000304        0x1 ./Locker/Drivers/drv_mcu.o
                0x20000304                Drv_TxBusyFlag
 .bss.Drv_RxIdleFlag
                0x20000305        0x1 ./Locker/Drivers/drv_mcu.o
                0x20000305                Drv_RxIdleFlag
 *fill*         0x20000306        0x2 
 .bss.phuart    0x20000308        0x4 ./Locker/Drivers/drv_mcu.o
 *(COMMON)
                0x2000030c                        . = ALIGN (0x4)
                0x2000030c                        _ebss = .
                0x2000030c                        __bss_end__ = _ebss

._user_heap_stack
                0x2000030c      0x604 load address 0x08002430
                0x20000310                        . = ALIGN (0x8)
 *fill*         0x2000030c        0x4 
                [!provide]                        PROVIDE (end = .)
                0x20000310                        PROVIDE (_end = .)
                0x20000510                        . = (. + _Min_Heap_Size)
 *fill*         0x20000310      0x200 
                0x20000910                        . = (. + _Min_Stack_Size)
 *fill*         0x20000510      0x400 
                0x20000910                        . = ALIGN (0x8)

/DISCARD/
 libc.a(*)
 libm.a(*)
 libgcc.a(*)

.ARM.attributes
                0x00000000       0x28
 *(.ARM.attributes)
 .ARM.attributes
                0x00000000       0x1e C:/ST/STM32CubeIDE_1.19.0/STM32CubeIDE/plugins/com.st.stm32cube.ide.mcu.externaltools.gnu-tools-for-stm32.13.3.rel1.win32_1.0.100.202509120712/tools/bin/../lib/gcc/arm-none-eabi/13.3.1/thumb/v6-m/nofp/crti.o
 .ARM.attributes
                0x0000001e       0x2c C:/ST/STM32CubeIDE_1.19.0/STM32CubeIDE/plugins/com.st.stm32cube.ide.mcu.externaltools.gnu-tools-for-stm32.13.3.rel1.win32_1.0.100.202509120712/tools/bin/../lib/gcc/arm-none-eabi/13.3.1/thumb/v6-m/nofp/crtbegin.o
 .ARM.attributes
                0x0000004a       0x2c ./Core/Src/dma.o
 .ARM.attributes
                0x00000076       0x2c ./Core/Src/gpio.o
 .ARM.attributes
                0x000000a2       0x2c ./Core/Src/main.o
 .ARM.attributes
                0x000000ce       0x2c ./Core/Src/stm32f0xx_hal_msp.o
 .ARM.attributes
                0x000000fa       0x2c ./Core/Src/stm32f0xx_it.o
 .ARM.attributes
                0x00000126       0x2c ./Core/Src/system_stm32f0xx.o
 .ARM.attributes
                0x00000152       0x2c ./Core/Src/usart.o
 .ARM.attributes
                0x0000017e       0x21 ./Core/Startup/startup_stm32f030f4px.o
 .ARM.attributes
                0x0000019f       0x2c ./Drivers/STM32F0xx_HAL_Driver/Src/stm32f0xx_hal.o
 .ARM.attributes
                0x000001cb       0x2c ./Drivers/STM32F0xx_HAL_Driver/Src/stm32f0xx_hal_cortex.o
 .ARM.attributes
                0x000001f7       0x2c ./Drivers/STM32F0xx_HAL_Driver/Src/stm32f0xx_hal_dma.o
 .ARM.attributes
                0x00000223       0x2c ./Drivers/STM32F0xx_HAL_Driver/Src/stm32f0xx_hal_flash.o
 .ARM.attributes
                0x0000024f       0x2c ./Drivers/STM32F0xx_HAL_Driver/Src/stm32f0xx_hal_flash_ex.o
 .ARM.attributes
                0x0000027b       0x2c ./Drivers/STM32F0xx_HAL_Driver/Src/stm32f0xx_hal_gpio.o
 .ARM.attributes
                0x000002a7       0x2c ./Drivers/STM32F0xx_HAL_Driver/Src/stm32f0xx_hal_rcc.o
 .ARM.attributes
                0x000002d3       0x2c ./Drivers/STM32F0xx_HAL_Driver/Src/stm32f0xx_hal_rcc_ex.o
 .ARM.attributes
                0x000002ff       0x2c ./Drivers/STM32F0xx_HAL_Driver/Src/stm32f0xx_hal_uart.o
 .ARM.attributes
                0x0000032b       0x2c ./Locker/Applications/app_doorlock.o
 .ARM.attributes
                0x00000357       0x2c ./Locker/Drivers/drv_mcu.o
 .ARM.attributes
                0x00000383       0x2c ./Locker/Services/protocol.o
 .ARM.attributes
                0x000003af       0x2c C:/ST/STM32CubeIDE_1.19.0/STM32CubeIDE/plugins/com.st.stm32cube.ide.mcu.externaltools.gnu-tools-for-stm32.13.3.rel1.win32_1.0.100.202509120712/tools/bin/../lib/gcc/arm-none-eabi/13.3.1/../../../../arm-none-eabi/lib/thumb/v6-m/nofp\libc_nano.a(libc_a-memcmp.o)
 .ARM.attributes
                0x000003db       0x2c C:/ST/STM32CubeIDE_1.19.0/STM32CubeIDE/plugins/com.st.stm32cube.ide.mcu.externaltools.gnu-tools-for-stm32.13.3.rel1.win32_1.0.100.202509120712/tools/bin/../lib/gcc/arm-none-eabi/13.3.1/../../../../arm-none-eabi/lib/thumb/v6-m/nofp\libc_nano.a(libc_a-memset.o)
 .ARM.attributes
                0x00000407       0x2c C:/ST/STM32CubeIDE_1.19.0/STM32CubeIDE/plugins/com.st.stm32cube.ide.mcu.externaltools.gnu-tools-for-stm32.13.3.rel1.win32_1.0.100.202509120712/tools/bin/../lib/gcc/arm-none-eabi/13.3.1/../../../../arm-none-eabi/lib/thumb/v6-m/nofp\libc_nano.a(libc_a-init.o)
 .ARM.attributes
                0x00000433       0x2c C:/ST/STM32CubeIDE_1.19.0/STM32CubeIDE/plugins/com.st.stm32cube.ide.mcu.externaltools.gnu-tools-for-stm32.13.3.rel1.win32_1.0.100.202509120712/tools/bin/../lib/gcc/arm-none-eabi/13.3.1/../../../../arm-none-eabi/lib/thumb/v6-m/nofp\libc_nano.a(libc_a-memcpy-stub.o)
 .ARM.attributes
                0x0000045f       0x1e C:/ST/STM32CubeIDE_1.19.0/STM32CubeIDE/plugins/com.st.stm32cube.ide.mcu.externaltools.gnu-tools-for-stm32.13.3.rel1.win32_1.0.100.202509120712/tools/bin/../lib/gcc/arm-none-eabi/13.3.1/thumb/v6-m/nofp\libgcc.a(_thumb1_case_uqi.o)
 .ARM.attributes
                0x0000047d       0x1e C:/ST/STM32CubeIDE_1.19.0/STM32CubeIDE/plugins/com.st.stm32cube.ide.mcu.externaltools.gnu-tools-for-stm32.13.3.rel1.win32_1.0.100.202509120712/tools/bin/../lib/gcc/arm-none-eabi/13.3.1/thumb/v6-m/nofp\libgcc.a(_udivsi3.o)
 .ARM.attributes
                0x0000049b       0x1e C:/ST/STM32CubeIDE_1.19.0/STM32CubeIDE/plugins/com.st.stm32cube.ide.mcu.externaltools.gnu-tools-for-stm32.13.3.rel1.win32_1.0.100.202509120712/tools/bin/../lib/gcc/arm-none-eabi/13.3.1/thumb/v6-m/nofp\libgcc.a(_dvmd_tls.o)
 .ARM.attributes
                0x000004b9       0x1e C:/ST/STM32CubeIDE_1.19.0/STM32CubeIDE/plugins/com.st.stm32cube.ide.mcu.externaltools.gnu-tools-for-stm32.13.3.rel1.win32_1.0.100.202509120712/tools/bin/../lib/gcc/arm-none-eabi/13.3.1/thumb/v6-m/nofp\libgcc.a(_lshrdi3.o)
 .ARM.attributes
                0x000004d7       0x1e C:/ST/STM32CubeIDE_1.19.0/STM32CubeIDE/plugins/com.st.stm32cube.ide.mcu.externaltools.gnu-tools-for-stm32.13.3.rel1.win32_1.0.100.202509120712/tools/bin/../lib/gcc/arm-none-eabi/13.3.1/thumb/v6-m/nofp/crtn.o
OUTPUT(stm32f030f4px.elf elf32-littlearm)
LOAD linker stubs
LOAD C:/ST/STM32CubeIDE_1.19.0/STM32CubeIDE/plugins/com.st.stm32cube.ide.mcu.externaltools.gnu-tools-for-stm32.13.3.rel1.win32_1.0.100.202509120712/tools/bin/../lib/gcc/arm-none-eabi/13.3.1/../../../../arm-none-eabi/lib/thumb/v6-m/nofp\libc.a
LOAD C:/ST/STM32CubeIDE_1.19.0/STM32CubeIDE/plugins/com.st.stm32cube.ide.mcu.externaltools.gnu-tools-for-stm32.13.3.rel1.win32_1.0.100.202509120712/tools/bin/../lib/gcc/arm-none-eabi/13.3.1/../../../../arm-none-eabi/lib/thumb/v6-m/nofp\libm.a
LOAD C:/ST/STM32CubeIDE_1.19.0/STM32CubeIDE/plugins/com.st.stm32cube.ide.mcu.externaltools.gnu-tools-for-stm32.13.3.rel1.win32_1.0.100.202509120712/tools/bin/../lib/gcc/arm-none-eabi/13.3.1/thumb/v6-m/nofp\libgcc.a

.debug_info     0x00000000     0xcf02
 .debug_info    0x00000000      0x287 ./Core/Src/dma.o
 .debug_info    0x00000287      0x4f6 ./Core/Src/gpio.o
 .debug_info    0x0000077d      0xab9 ./Core/Src/main.o
 .debug_info    0x00001236      0x191 ./Core/Src/stm32f0xx_hal_msp.o
 .debug_info    0x000013c7      0x7c9 ./Core/Src/stm32f0xx_it.o
 .debug_info    0x00001b90      0x268 ./Core/Src/system_stm32f0xx.o
 .debug_info    0x00001df8      0xb73 ./Core/Src/usart.o
 .debug_info    0x0000296b       0x30 ./Core/Startup/startup_stm32f030f4px.o
 .debug_info    0x0000299b      0x736 ./Drivers/STM32F0xx_HAL_Driver/Src/stm32f0xx_hal.o
 .debug_info    0x000030d1      0x803 ./Drivers/STM32F0xx_HAL_Driver/Src/stm32f0xx_hal_cortex.o
 .debug_info    0x000038d4      0x875 ./Drivers/STM32F0xx_HAL_Driver/Src/stm32f0xx_hal_dma.o
 .debug_info    0x00004149      0x680 ./Drivers/STM32F0xx_HAL_Driver/Src/stm32f0xx_hal_flash.o
 .debug_info    0x000047c9      0x9f6 ./Drivers/STM32F0xx_HAL_Driver/Src/stm32f0xx_hal_flash_ex.o
 .debug_info    0x000051bf      0x60e ./Drivers/STM32F0xx_HAL_Driver/Src/stm32f0xx_hal_gpio.o
 .debug_info    0x000057cd      0xa52 ./Drivers/STM32F0xx_HAL_Driver/Src/stm32f0xx_hal_rcc.o
 .debug_info    0x0000621f      0x3b8 ./Drivers/STM32F0xx_HAL_Driver/Src/stm32f0xx_hal_rcc_ex.o
 .debug_info    0x000065d7     0x4e40 ./Drivers/STM32F0xx_HAL_Driver/Src/stm32f0xx_hal_uart.o
 .debug_info    0x0000b417      0x7e4 ./Locker/Applications/app_doorlock.o
 .debug_info    0x0000bbfb      0xe05 ./Locker/Drivers/drv_mcu.o
 .debug_info    0x0000ca00      0x502 ./Locker/Services/protocol.o

.debug_abbrev   0x00000000     0x2a0f
 .debug_abbrev  0x00000000      0x119 ./Core/Src/dma.o
 .debug_abbrev  0x00000119      0x194 ./Core/Src/gpio.o
 .debug_abbrev  0x000002ad      0x278 ./Core/Src/main.o
 .debug_abbrev  0x00000525       0xc2 ./Core/Src/stm32f0xx_hal_msp.o
 .debug_abbrev  0x000005e7      0x1f7 ./Core/Src/stm32f0xx_it.o
 .debug_abbrev  0x000007de      0x138 ./Core/Src/system_stm32f0xx.o
 .debug_abbrev  0x00000916      0x241 ./Core/Src/usart.o
 .debug_abbrev  0x00000b57       0x24 ./Core/Startup/startup_stm32f030f4px.o
 .debug_abbrev  0x00000b7b      0x2cb ./Drivers/STM32F0xx_HAL_Driver/Src/stm32f0xx_hal.o
 .debug_abbrev  0x00000e46      0x29c ./Drivers/STM32F0xx_HAL_Driver/Src/stm32f0xx_hal_cortex.o
 .debug_abbrev  0x000010e2      0x23b ./Drivers/STM32F0xx_HAL_Driver/Src/stm32f0xx_hal_dma.o
 .debug_abbrev  0x0000131d      0x2d0 ./Drivers/STM32F0xx_HAL_Driver/Src/stm32f0xx_hal_flash.o
 .debug_abbrev  0x000015ed      0x2b3 ./Drivers/STM32F0xx_HAL_Driver/Src/stm32f0xx_hal_flash_ex.o
 .debug_abbrev  0x000018a0      0x1fd ./Drivers/STM32F0xx_HAL_Driver/Src/stm32f0xx_hal_gpio.o
 .debug_abbrev  0x00001a9d      0x2c6 ./Drivers/STM32F0xx_HAL_Driver/Src/stm32f0xx_hal_rcc.o
 .debug_abbrev  0x00001d63      0x1ae ./Drivers/STM32F0xx_HAL_Driver/Src/stm32f0xx_hal_rcc_ex.o
 .debug_abbrev  0x00001f11      0x3e6 ./Drivers/STM32F0xx_HAL_Driver/Src/stm32f0xx_hal_uart.o
 .debug_abbrev  0x000022f7      0x2d1 ./Locker/Applications/app_doorlock.o
 .debug_abbrev  0x000025c8      0x2b3 ./Locker/Drivers/drv_mcu.o
 .debug_abbrev  0x0000287b      0x194 ./Locker/Services/protocol.o

.debug_aranges  0x00000000      0x810
 .debug_aranges
                0x00000000       0x20 ./Core/Src/dma.o
 .debug_aranges
                0x00000020       0x20 ./Core/Src/gpio.o
 .debug_aranges
                0x00000040       0x38 ./Core/Src/main.o
 .debug_aranges
                0x00000078       0x20 ./Core/Src/stm32f0xx_hal_msp.o
 .debug_aranges
                0x00000098       0x58 ./Core/Src/stm32f0xx_it.o
 .debug_aranges
                0x000000f0       0x28 ./Core/Src/system_stm32f0xx.o
 .debug_aranges
                0x00000118       0x30 ./Core/Src/usart.o
 .debug_aranges
                0x00000148       0x28 ./Core/Startup/startup_stm32f030f4px.o
 .debug_aranges
                0x00000170       0xd0 ./Drivers/STM32F0xx_HAL_Driver/Src/stm32f0xx_hal.o
 .debug_aranges
                0x00000240       0x78 ./Drivers/STM32F0xx_HAL_Driver/Src/stm32f0xx_hal_cortex.o
 .debug_aranges
                0x000002b8       0x78 ./Drivers/STM32F0xx_HAL_Driver/Src/stm32f0xx_hal_dma.o
 .debug_aranges
                0x00000330       0x80 ./Drivers/STM32F0xx_HAL_Driver/Src/stm32f0xx_hal_flash.o
 .debug_aranges
                0x000003b0       0x60 ./Drivers/STM32F0xx_HAL_Driver/Src/stm32f0xx_hal_flash_ex.o
 .debug_aranges
                0x00000410       0x58 ./Drivers/STM32F0xx_HAL_Driver/Src/stm32f0xx_hal_gpio.o
 .debug_aranges
                0x00000468       0x80 ./Drivers/STM32F0xx_HAL_Driver/Src/stm32f0xx_hal_rcc.o
 .debug_aranges
                0x000004e8       0x30 ./Drivers/STM32F0xx_HAL_Driver/Src/stm32f0xx_hal_rcc_ex.o
 .debug_aranges
                0x00000518      0x210 ./Drivers/STM32F0xx_HAL_Driver/Src/stm32f0xx_hal_uart.o
 .debug_aranges
                0x00000728       0x38 ./Locker/Applications/app_doorlock.o
 .debug_aranges
                0x00000760       0x78 ./Locker/Drivers/drv_mcu.o
 .debug_aranges
                0x000007d8       0x38 ./Locker/Services/protocol.o

.debug_rnglists
                0x00000000      0x912
 .debug_rnglists
                0x00000000       0x2b ./Core/Src/dma.o
 .debug_rnglists
                0x0000002b       0x4a ./Core/Src/gpio.o
 .debug_rnglists
                0x00000075       0x25 ./Core/Src/main.o
 .debug_rnglists
                0x0000009a       0x2e ./Core/Src/stm32f0xx_hal_msp.o
 .debug_rnglists
                0x000000c8       0x3d ./Core/Src/stm32f0xx_it.o
 .debug_rnglists
                0x00000105       0x19 ./Core/Src/system_stm32f0xx.o
 .debug_rnglists
                0x0000011e       0x3e ./Core/Src/usart.o
 .debug_rnglists
                0x0000015c       0x19 ./Core/Startup/startup_stm32f030f4px.o
 .debug_rnglists
                0x00000175       0x97 ./Drivers/STM32F0xx_HAL_Driver/Src/stm32f0xx_hal.o
 .debug_rnglists
                0x0000020c       0x85 ./Drivers/STM32F0xx_HAL_Driver/Src/stm32f0xx_hal_cortex.o
 .debug_rnglists
                0x00000291       0x90 ./Drivers/STM32F0xx_HAL_Driver/Src/stm32f0xx_hal_dma.o
 .debug_rnglists
                0x00000321       0x84 ./Drivers/STM32F0xx_HAL_Driver/Src/stm32f0xx_hal_flash.o
 .debug_rnglists
                0x000003a5       0xa5 ./Drivers/STM32F0xx_HAL_Driver/Src/stm32f0xx_hal_flash_ex.o
 .debug_rnglists
                0x0000044a       0x51 ./Drivers/STM32F0xx_HAL_Driver/Src/stm32f0xx_hal_gpio.o
 .debug_rnglists
                0x0000049b       0x7f ./Drivers/STM32F0xx_HAL_Driver/Src/stm32f0xx_hal_rcc.o
 .debug_rnglists
                0x0000051a       0x33 ./Drivers/STM32F0xx_HAL_Driver/Src/stm32f0xx_hal_rcc_ex.o
 .debug_rnglists
                0x0000054d      0x282 ./Drivers/STM32F0xx_HAL_Driver/Src/stm32f0xx_hal_uart.o
 .debug_rnglists
                0x000007cf       0x97 ./Locker/Applications/app_doorlock.o
 .debug_rnglists
                0x00000866       0x64 ./Locker/Drivers/drv_mcu.o
 .debug_rnglists
                0x000008ca       0x48 ./Locker/Services/protocol.o

.debug_macro    0x00000000     0xfb22
 .debug_macro   0x00000000      0x1c6 ./Core/Src/dma.o
 .debug_macro   0x000001c6      0xab4 ./Core/Src/dma.o
 .debug_macro   0x00000c7a      0x12d ./Core/Src/dma.o
 .debug_macro   0x00000da7       0x2e ./Core/Src/dma.o
 .debug_macro   0x00000dd5       0x22 ./Core/Src/dma.o
 .debug_macro   0x00000df7       0x22 ./Core/Src/dma.o
 .debug_macro   0x00000e19       0x8e ./Core/Src/dma.o
 .debug_macro   0x00000ea7       0x51 ./Core/Src/dma.o
 .debug_macro   0x00000ef8      0x103 ./Core/Src/dma.o
 .debug_macro   0x00000ffb       0x6a ./Core/Src/dma.o
 .debug_macro   0x00001065      0x1df ./Core/Src/dma.o
 .debug_macro   0x00001244       0x1c ./Core/Src/dma.o
 .debug_macro   0x00001260       0x22 ./Core/Src/dma.o
 .debug_macro   0x00001282       0xaf ./Core/Src/dma.o
 .debug_macro   0x00001331      0x391 ./Core/Src/dma.o
 .debug_macro   0x000016c2     0x6e6e ./Core/Src/dma.o
 .debug_macro   0x00008530       0x66 ./Core/Src/dma.o
 .debug_macro   0x00008596     0x34da ./Core/Src/dma.o
 .debug_macro   0x0000ba70      0x190 ./Core/Src/dma.o
 .debug_macro   0x0000bc00       0x55 ./Core/Src/dma.o
 .debug_macro   0x0000bc55      0x924 ./Core/Src/dma.o
 .debug_macro   0x0000c579       0xe5 ./Core/Src/dma.o
 .debug_macro   0x0000c65e      0x1ae ./Core/Src/dma.o
 .debug_macro   0x0000c80c       0xb3 ./Core/Src/dma.o
 .debug_macro   0x0000c8bf      0x1a0 ./Core/Src/dma.o
 .debug_macro   0x0000ca5f      0x1ed ./Core/Src/dma.o
 .debug_macro   0x0000cc4c       0x34 ./Core/Src/dma.o
 .debug_macro   0x0000cc80       0x43 ./Core/Src/dma.o
 .debug_macro   0x0000ccc3       0x28 ./Core/Src/dma.o
 .debug_macro   0x0000cceb       0xb0 ./Core/Src/dma.o
 .debug_macro   0x0000cd9b      0x15a ./Core/Src/dma.o
 .debug_macro   0x0000cef5      0x22c ./Core/Src/dma.o
 .debug_macro   0x0000d121       0x61 ./Core/Src/dma.o
 .debug_macro   0x0000d182       0xa5 ./Core/Src/dma.o
 .debug_macro   0x0000d227       0x4c ./Core/Src/dma.o
 .debug_macro   0x0000d273       0x2b ./Core/Src/dma.o
 .debug_macro   0x0000d29e      0x56d ./Core/Src/dma.o
 .debug_macro   0x0000d80b       0x3e ./Core/Src/dma.o
 .debug_macro   0x0000d849       0xf1 ./Core/Src/dma.o
 .debug_macro   0x0000d93a       0x6a ./Core/Src/dma.o
 .debug_macro   0x0000d9a4      0x1c6 ./Core/Src/gpio.o
 .debug_macro   0x0000db6a      0x200 ./Core/Src/main.o
 .debug_macro   0x0000dd6a       0x22 ./Core/Src/main.o
 .debug_macro   0x0000dd8c       0x10 ./Core/Src/main.o
 .debug_macro   0x0000dd9c      0x1bc ./Core/Src/stm32f0xx_hal_msp.o
 .debug_macro   0x0000df58      0x1de ./Core/Src/stm32f0xx_it.o
 .debug_macro   0x0000e136      0x1ad ./Core/Src/system_stm32f0xx.o
 .debug_macro   0x0000e2e3      0x1c6 ./Core/Src/usart.o
 .debug_macro   0x0000e4a9      0x1d1 ./Drivers/STM32F0xx_HAL_Driver/Src/stm32f0xx_hal.o
 .debug_macro   0x0000e67a      0x1ad ./Drivers/STM32F0xx_HAL_Driver/Src/stm32f0xx_hal_cortex.o
 .debug_macro   0x0000e827      0x1ad ./Drivers/STM32F0xx_HAL_Driver/Src/stm32f0xx_hal_dma.o
 .debug_macro   0x0000e9d4      0x1ad ./Drivers/STM32F0xx_HAL_Driver/Src/stm32f0xx_hal_flash.o
 .debug_macro   0x0000eb81      0x1bf ./Drivers/STM32F0xx_HAL_Driver/Src/stm32f0xx_hal_flash_ex.o
 .debug_macro   0x0000ed40      0x1b4 ./Drivers/STM32F0xx_HAL_Driver/Src/stm32f0xx_hal_gpio.o
 .debug_macro   0x0000eef4      0x1bf ./Drivers/STM32F0xx_HAL_Driver/Src/stm32f0xx_hal_rcc.o
 .debug_macro   0x0000f0b3      0x1ad ./Drivers/STM32F0xx_HAL_Driver/Src/stm32f0xx_hal_rcc_ex.o
 .debug_macro   0x0000f260      0x1ca ./Drivers/STM32F0xx_HAL_Driver/Src/stm32f0xx_hal_uart.o
 .debug_macro   0x0000f42a      0x319 ./Locker/Applications/app_doorlock.o
 .debug_macro   0x0000f743       0x61 ./Locker/Applications/app_doorlock.o
 .debug_macro   0x0000f7a4       0x10 ./Locker/Applications/app_doorlock.o
 .debug_macro   0x0000f7b4       0x20 ./Locker/Applications/app_doorlock.o
 .debug_macro   0x0000f7d4       0x10 ./Locker/Applications/app_doorlock.o
 .debug_macro   0x0000f7e4       0x1c ./Locker/Applications/app_doorlock.o
 .debug_macro   0x0000f800      0x1d4 ./Locker/Drivers/drv_mcu.o
 .debug_macro   0x0000f9d4      0x14e ./Locker/Services/protocol.o

.debug_line     0x00000000    0x10408
 .debug_line    0x00000000      0x755 ./Core/Src/dma.o
 .debug_line    0x00000755      0x7f7 ./Core/Src/gpio.o
 .debug_line    0x00000f4c      0x96d ./Core/Src/main.o
 .debug_line    0x000018b9      0x752 ./Core/Src/stm32f0xx_hal_msp.o
 .debug_line    0x0000200b      0x874 ./Core/Src/stm32f0xx_it.o
 .debug_line    0x0000287f      0x7c8 ./Core/Src/system_stm32f0xx.o
 .debug_line    0x00003047      0x929 ./Core/Src/usart.o
 .debug_line    0x00003970       0x7b ./Core/Startup/startup_stm32f030f4px.o
 .debug_line    0x000039eb      0xad1 ./Drivers/STM32F0xx_HAL_Driver/Src/stm32f0xx_hal.o
 .debug_line    0x000044bc      0xaf2 ./Drivers/STM32F0xx_HAL_Driver/Src/stm32f0xx_hal_cortex.o
 .debug_line    0x00004fae     0x100d ./Drivers/STM32F0xx_HAL_Driver/Src/stm32f0xx_hal_dma.o
 .debug_line    0x00005fbb      0xca9 ./Drivers/STM32F0xx_HAL_Driver/Src/stm32f0xx_hal_flash.o
 .debug_line    0x00006c64      0xd41 ./Drivers/STM32F0xx_HAL_Driver/Src/stm32f0xx_hal_flash_ex.o
 .debug_line    0x000079a5      0xc4e ./Drivers/STM32F0xx_HAL_Driver/Src/stm32f0xx_hal_gpio.o
 .debug_line    0x000085f3     0x1265 ./Drivers/STM32F0xx_HAL_Driver/Src/stm32f0xx_hal_rcc.o
 .debug_line    0x00009858      0xa17 ./Drivers/STM32F0xx_HAL_Driver/Src/stm32f0xx_hal_rcc_ex.o
 .debug_line    0x0000a26f     0x42af ./Drivers/STM32F0xx_HAL_Driver/Src/stm32f0xx_hal_uart.o
 .debug_line    0x0000e51e      0xc4a ./Locker/Applications/app_doorlock.o
 .debug_line    0x0000f168      0xa1f ./Locker/Drivers/drv_mcu.o
 .debug_line    0x0000fb87      0x881 ./Locker/Services/protocol.o

.debug_str      0x00000000    0x5c26c
 .debug_str     0x00000000    0x5c26c ./Core/Src/dma.o
                              0x5659c (size before relaxing)
 .debug_str     0x0005c26c        0x0 ./Core/Src/gpio.o
                              0x56682 (size before relaxing)
 .debug_str     0x0005c26c        0x0 ./Core/Src/main.o
                              0x56b99 (size before relaxing)
 .debug_str     0x0005c26c        0x0 ./Core/Src/stm32f0xx_hal_msp.o
                              0x5641e (size before relaxing)
 .debug_str     0x0005c26c        0x0 ./Core/Src/stm32f0xx_it.o
                              0x569e8 (size before relaxing)
 .debug_str     0x0005c26c        0x0 ./Core/Src/system_stm32f0xx.o
                              0x562f8 (size before relaxing)
 .debug_str     0x0005c26c        0x0 ./Core/Src/usart.o
                              0x56b58 (size before relaxing)
 .debug_str     0x0005c26c        0x0 ./Core/Startup/startup_stm32f030f4px.o
                                 0x70 (size before relaxing)
 .debug_str     0x0005c26c        0x0 ./Drivers/STM32F0xx_HAL_Driver/Src/stm32f0xx_hal.o
                              0x56857 (size before relaxing)
 .debug_str     0x0005c26c        0x0 ./Drivers/STM32F0xx_HAL_Driver/Src/stm32f0xx_hal_cortex.o
                              0x5663a (size before relaxing)
 .debug_str     0x0005c26c        0x0 ./Drivers/STM32F0xx_HAL_Driver/Src/stm32f0xx_hal_dma.o
                              0x5669e (size before relaxing)
 .debug_str     0x0005c26c        0x0 ./Drivers/STM32F0xx_HAL_Driver/Src/stm32f0xx_hal_flash.o
                              0x565a2 (size before relaxing)
 .debug_str     0x0005c26c        0x0 ./Drivers/STM32F0xx_HAL_Driver/Src/stm32f0xx_hal_flash_ex.o
                              0x566e7 (size before relaxing)
 .debug_str     0x0005c26c        0x0 ./Drivers/STM32F0xx_HAL_Driver/Src/stm32f0xx_hal_gpio.o
                              0x5648b (size before relaxing)
 .debug_str     0x0005c26c        0x0 ./Drivers/STM32F0xx_HAL_Driver/Src/stm32f0xx_hal_rcc.o
                              0x56734 (size before relaxing)
 .debug_str     0x0005c26c        0x0 ./Drivers/STM32F0xx_HAL_Driver/Src/stm32f0xx_hal_rcc_ex.o
                              0x56433 (size before relaxing)
 .debug_str     0x0005c26c        0x0 ./Drivers/STM32F0xx_HAL_Driver/Src/stm32f0xx_hal_uart.o
                              0x57011 (size before relaxing)
 .debug_str     0x0005c26c        0x0 ./Locker/Applications/app_doorlock.o
                              0x5a009 (size before relaxing)
 .debug_str     0x0005c26c        0x0 ./Locker/Drivers/drv_mcu.o
                              0x56b9b (size before relaxing)
 .debug_str     0x0005c26c        0x0 ./Locker/Services/protocol.o
                               0x741c (size before relaxing)

.comment        0x00000000       0x43
 .comment       0x00000000       0x43 ./Core/Src/dma.o
                                 0x44 (size before relaxing)
 .comment       0x00000043        0x0 ./Core/Src/gpio.o
                                 0x44 (size before relaxing)
 .comment       0x00000043        0x0 ./Core/Src/main.o
                                 0x44 (size before relaxing)
 .comment       0x00000043        0x0 ./Core/Src/stm32f0xx_hal_msp.o
                                 0x44 (size before relaxing)
 .comment       0x00000043        0x0 ./Core/Src/stm32f0xx_it.o
                                 0x44 (size before relaxing)
 .comment       0x00000043        0x0 ./Core/Src/system_stm32f0xx.o
                                 0x44 (size before relaxing)
 .comment       0x00000043        0x0 ./Core/Src/usart.o
                                 0x44 (size before relaxing)
 .comment       0x00000043        0x0 ./Drivers/STM32F0xx_HAL_Driver/Src/stm32f0xx_hal.o
                                 0x44 (size before relaxing)
 .comment       0x00000043        0x0 ./Drivers/STM32F0xx_HAL_Driver/Src/stm32f0xx_hal_cortex.o
                                 0x44 (size before relaxing)
 .comment       0x00000043        0x0 ./Drivers/STM32F0xx_HAL_Driver/Src/stm32f0xx_hal_dma.o
                                 0x44 (size before relaxing)
 .comment       0x00000043        0x0 ./Drivers/STM32F0xx_HAL_Driver/Src/stm32f0xx_hal_flash.o
                                 0x44 (size before relaxing)
 .comment       0x00000043        0x0 ./Drivers/STM32F0xx_HAL_Driver/Src/stm32f0xx_hal_flash_ex.o
                                 0x44 (size before relaxing)
 .comment       0x00000043        0x0 ./Drivers/STM32F0xx_HAL_Driver/Src/stm32f0xx_hal_gpio.o
                                 0x44 (size before relaxing)
 .comment       0x00000043        0x0 ./Drivers/STM32F0xx_HAL_Driver/Src/stm32f0xx_hal_rcc.o
                                 0x44 (size before relaxing)
 .comment       0x00000043        0x0 ./Drivers/STM32F0xx_HAL_Driver/Src/stm32f0xx_hal_rcc_ex.o
                                 0x44 (size before relaxing)
 .comment       0x00000043        0x0 ./Drivers/STM32F0xx_HAL_Driver/Src/stm32f0xx_hal_uart.o
                                 0x44 (size before relaxing)
 .comment       0x00000043        0x0 ./Locker/Applications/app_doorlock.o
                                 0x44 (size before relaxing)
 .comment       0x00000043        0x0 ./Locker/Drivers/drv_mcu.o
                                 0x44 (size before relaxing)
 .comment       0x00000043        0x0 ./Locker/Services/protocol.o
                                 0x44 (size before relaxing)

.debug_frame    0x00000000     0x13d4
 .debug_frame   0x00000000       0x2c ./Core/Src/dma.o
 .debug_frame   0x0000002c       0x30 ./Core/Src/gpio.o
 .debug_frame   0x0000005c       0x6c ./Core/Src/main.o
 .debug_frame   0x000000c8       0x24 ./Core/Src/stm32f0xx_hal_msp.o
 .debug_frame   0x000000ec       0xb0 ./Core/Src/stm32f0xx_it.o
 .debug_frame   0x0000019c       0x3c ./Core/Src/system_stm32f0xx.o
 .debug_frame   0x000001d8       0x5c ./Core/Src/usart.o
 .debug_frame   0x00000234      0x1b4 ./Drivers/STM32F0xx_HAL_Driver/Src/stm32f0xx_hal.o
 .debug_frame   0x000003e8       0xe0 ./Drivers/STM32F0xx_HAL_Driver/Src/stm32f0xx_hal_cortex.o
 .debug_frame   0x000004c8      0x160 ./Drivers/STM32F0xx_HAL_Driver/Src/stm32f0xx_hal_dma.o
 .debug_frame   0x00000628      0x138 ./Drivers/STM32F0xx_HAL_Driver/Src/stm32f0xx_hal_flash.o
 .debug_frame   0x00000760       0xf0 ./Drivers/STM32F0xx_HAL_Driver/Src/stm32f0xx_hal_flash_ex.o
 .debug_frame   0x00000850       0xbc ./Drivers/STM32F0xx_HAL_Driver/Src/stm32f0xx_hal_gpio.o
 .debug_frame   0x0000090c      0x148 ./Drivers/STM32F0xx_HAL_Driver/Src/stm32f0xx_hal_rcc.o
 .debug_frame   0x00000a54       0x58 ./Drivers/STM32F0xx_HAL_Driver/Src/stm32f0xx_hal_rcc_ex.o
 .debug_frame   0x00000aac      0x62c ./Drivers/STM32F0xx_HAL_Driver/Src/stm32f0xx_hal_uart.o
 .debug_frame   0x000010d8       0x70 ./Locker/Applications/app_doorlock.o
 .debug_frame   0x00001148      0x148 ./Locker/Drivers/drv_mcu.o
 .debug_frame   0x00001290       0x84 ./Locker/Services/protocol.o
 .debug_frame   0x00001314       0x2c C:/ST/STM32CubeIDE_1.19.0/STM32CubeIDE/plugins/com.st.stm32cube.ide.mcu.externaltools.gnu-tools-for-stm32.13.3.rel1.win32_1.0.100.202509120712/tools/bin/../lib/gcc/arm-none-eabi/13.3.1/../../../../arm-none-eabi/lib/thumb/v6-m/nofp\libc_nano.a(libc_a-memcmp.o)
 .debug_frame   0x00001340       0x20 C:/ST/STM32CubeIDE_1.19.0/STM32CubeIDE/plugins/com.st.stm32cube.ide.mcu.externaltools.gnu-tools-for-stm32.13.3.rel1.win32_1.0.100.202509120712/tools/bin/../lib/gcc/arm-none-eabi/13.3.1/../../../../arm-none-eabi/lib/thumb/v6-m/nofp\libc_nano.a(libc_a-memset.o)
 .debug_frame   0x00001360       0x2c C:/ST/STM32CubeIDE_1.19.0/STM32CubeIDE/plugins/com.st.stm32cube.ide.mcu.externaltools.gnu-tools-for-stm32.13.3.rel1.win32_1.0.100.202509120712/tools/bin/../lib/gcc/arm-none-eabi/13.3.1/../../../../arm-none-eabi/lib/thumb/v6-m/nofp\libc_nano.a(libc_a-init.o)
 .debug_frame   0x0000138c       0x28 C:/ST/STM32CubeIDE_1.19.0/STM32CubeIDE/plugins/com.st.stm32cube.ide.mcu.externaltools.gnu-tools-for-stm32.13.3.rel1.win32_1.0.100.202509120712/tools/bin/../lib/gcc/arm-none-eabi/13.3.1/../../../../arm-none-eabi/lib/thumb/v6-m/nofp\libc_nano.a(libc_a-memcpy-stub.o)
 .debug_frame   0x000013b4       0x20 C:/ST/STM32CubeIDE_1.19.0/STM32CubeIDE/plugins/com.st.stm32cube.ide.mcu.externaltools.gnu-tools-for-stm32.13.3.rel1.win32_1.0.100.202509120712/tools/bin/../lib/gcc/arm-none-eabi/13.3.1/thumb/v6-m/nofp\libgcc.a(_udivsi3.o)

.debug_loclists
                0x00000000     0x4119
 .debug_loclists
                0x00000000       0x29 ./Core/Src/main.o
 .debug_loclists
                0x00000029       0xe1 ./Core/Src/system_stm32f0xx.o
 .debug_loclists
                0x0000010a       0x57 ./Core/Src/usart.o
 .debug_loclists
                0x00000161       0xc2 ./Drivers/STM32F0xx_HAL_Driver/Src/stm32f0xx_hal.o
 .debug_loclists
                0x00000223      0x355 ./Drivers/STM32F0xx_HAL_Driver/Src/stm32f0xx_hal_cortex.o
 .debug_loclists
                0x00000578      0x5cc ./Drivers/STM32F0xx_HAL_Driver/Src/stm32f0xx_hal_dma.o
 .debug_loclists
                0x00000b44      0x211 ./Drivers/STM32F0xx_HAL_Driver/Src/stm32f0xx_hal_flash.o
 .debug_loclists
                0x00000d55      0x3ec ./Drivers/STM32F0xx_HAL_Driver/Src/stm32f0xx_hal_flash_ex.o
 .debug_loclists
                0x00001141      0x27a ./Drivers/STM32F0xx_HAL_Driver/Src/stm32f0xx_hal_gpio.o
 .debug_loclists
                0x000013bb      0x405 ./Drivers/STM32F0xx_HAL_Driver/Src/stm32f0xx_hal_rcc.o
 .debug_loclists
                0x000017c0      0x214 ./Drivers/STM32F0xx_HAL_Driver/Src/stm32f0xx_hal_rcc_ex.o
 .debug_loclists
                0x000019d4     0x200a ./Drivers/STM32F0xx_HAL_Driver/Src/stm32f0xx_hal_uart.o
 .debug_loclists
                0x000039de      0x1fc ./Locker/Applications/app_doorlock.o
 .debug_loclists
                0x00003bda      0x23a ./Locker/Drivers/drv_mcu.o
 .debug_loclists
                0x00003e14      0x305 ./Locker/Services/protocol.o

.debug_line_str
                0x00000000       0x54
 .debug_line_str
                0x00000000       0x54 ./Core/Startup/startup_stm32f030f4px.o
