../Locker/Drivers/drv_mcu.c:13:6:Drv_Init	8	static
../Locker/Drivers/drv_mcu.c:18:6:Drv_RS485_Send	16	static
../Locker/Drivers/drv_mcu.c:25:6:Drv_RS485_Receive_DMA	8	static
../Locker/Drivers/drv_mcu.c:29:10:Drv_RS485_GetRxLength	0	static
../Locker/Drivers/drv_mcu.c:33:6:Drv_GetUID	24	static
../Locker/Drivers/drv_mcu.c:41:6:Drv_CheckUIDMatch	24	static
../Locker/Drivers/drv_mcu.c:47:6:Drv_Lock_Set	8	static
../Locker/Drivers/drv_mcu.c:51:6:Drv_Lock_ReadInput	8	static
../Locker/Drivers/drv_mcu.c:55:6:Drv_LED_Set	16	static
../Locker/Drivers/drv_mcu.c:61:6:Drv_Flash_Write	48	static
../Locker/Drivers/drv_mcu.c:79:6:Drv_Flash_Read	8	static
../Locker/Drivers/drv_mcu.c:85:6:HAL_UART_TxCpltCallback	8	static
